[36m
­şÜÇ ├çOK GEL─░┼ŞM─░┼Ş KAPSAMLI TEST BA┼ŞLIYOR
[0m
[36m============================================================[0m
[35m
­şÄ» COMPLETE USER JOURNEY TEST[0m
[32m  Ô£à Journey: Individual Login[0m
[31m  ­şö┤ Journey: Dashboard Loads with Stats: Time: 5692ms, API: false[0m
[36m
  ­şôĞ Shipment Creation Flow...[0m
[31m  ÔÜá´©Å Journey: Step 1 - Category Selected: Category select not found[0m
[35m
­şÜ¿ ERROR SCENARIOS TEST[0m
[32m  Ô£à Error: Invalid Login Shows Error[0m
[32m  Ô£à Error: Network Error Handled Gracefully[0m
[32m  Ô£à Error: Empty State Displayed[0m
[35m
­şù║´©Å  ALL PANELS NAVIGATION TEST[0m
[35m
­şöı ADVANCED SEARCH TEST[0m
[31m
ÔØî Test suite error: locator.click: Timeout 30000ms exceeded.
Call log:
  - waiting for locator('button[data-testid="demo-nakliyeci"]')
[0m
[31m  ­şö┤ Test Suite Execution: locator.click: Timeout 30000ms exceeded.
Call log:
  - waiting for locator('button[data-testid="demo-nakliyeci"]')
[0m
[36m
============================================================[0m
[36m­şôè ├çOK GEL─░┼ŞM─░┼Ş TEST SONU├çLARI[0m
[36m============================================================[0m
[32m
Ô£à Ba┼şar─▒l─▒: 4[0m
[31mÔØî Ba┼şar─▒s─▒z: 3[0m
[34m­şôê Toplam:  7[0m
[34m­şôè Ba┼şar─▒ Oran─▒: 57.1%
[0m
[31m­şö┤ KR─░T─░K SORUNLAR:[0m
[31m  - Journey: Dashboard Loads with Stats: Time: 5692ms, API: false[0m
[31m  - Test Suite Execution: locator.click: Timeout 30000ms exceeded.
Call log:
  - waiting for locator('button[data-testid="demo-nakliyeci"]')
[0m
[36m
ÔÜí PERFORMANS METR─░KLER─░:[0m
[33m  login: 3784ms[0m
[31m  dashboard: 5692ms[0m
[32m
Ô£à Geli┼şmi┼ş testler tamamland─▒!
[0m
